V3 6
FL C:/Users/noraw/Documents/VHDL/Test2/Note.vhd 2016/11/21.16:43:29 P.20131013
EN work/Note 1479721428 FL C:/Users/noraw/Documents/VHDL/Test2/Note.vhd \
      PB ieee/std_logic_1164 1381692176
AR work/Note/Behavioral 1479721429 \
      FL C:/Users/noraw/Documents/VHDL/Test2/Note.vhd EN work/Note 1479721428
FL C:/Users/noraw/Documents/VHDL/Test2/TopModule.vhd 2016/11/20.00:03:18 P.20131013
EN work/TopModule 1479575025 FL C:/Users/noraw/Documents/VHDL/Test2/TopModule.vhd \
      PB ieee/std_logic_1164 1381692176 PB ieee/STD_LOGIC_UNSIGNED 1381692179 \
      PB ieee/NUMERIC_STD 1381692181
AR work/TopModule/Behavioral 1479575026 \
      FL C:/Users/noraw/Documents/VHDL/Test2/TopModule.vhd EN work/TopModule 1479575025
