V3 3
FL C:/Users/noraw/Documents/VHDL/Chula2016/Core.vhd 2016/12/06.15:15:31 P.20131013
EN work/Core 1481019310 FL C:/Users/noraw/Documents/VHDL/Chula2016/Core.vhd \
      PB ieee/std_logic_1164 1381692176
AR work/Core/Behavioral 1481019311 \
      FL C:/Users/noraw/Documents/VHDL/Chula2016/Core.vhd EN work/Core 1481019310
