EN dff NULL C:/Users/noraw/Documents/VHDL/Pro3/DFF.vhd sub00/vhpl00 1481023286
AR main behavioral C:/Users/noraw/Documents/VHDL/Pro3/Main.vhd sub00/vhpl03 1481023289
EN main NULL C:/Users/noraw/Documents/VHDL/Pro3/Main.vhd sub00/vhpl02 1481023288
AR dff behavioral C:/Users/noraw/Documents/VHDL/Pro3/DFF.vhd sub00/vhpl01 1481023287
