V3 53
FL C:/Users/noraw/Documents/VHDL/MiniDesignChallenge/dcm133.vhd 2016/12/14.17:50:40 P.20131013
EN work/dcm133 1484233319 \
      FL C:/Users/noraw/Documents/VHDL/MiniDesignChallenge/dcm133.vhd \
      PB ieee/std_logic_1164 1381692176 PB ieee/NUMERIC_STD 1381692181 LB UNISIM \
      PH unisim/VCOMPONENTS 1381692182
AR work/dcm133/BEHAVIORAL 1484233320 \
      FL C:/Users/noraw/Documents/VHDL/MiniDesignChallenge/dcm133.vhd \
      EN work/dcm133 1484233319 CP BUFG CP IBUFG CP DCM
FL C:/Users/noraw/Documents/VHDL/MiniDesignChallenge/MainModule.vhd 2017/01/11.22:43:34 P.20131013
FL C:/Users/noraw/Documents/VHDL/MiniDesignChallenge/TXModule.vhd 2017/01/13.17:25:09 P.20131013
FL C:/Users/noraw/Documents/VHDL/MiniDesignChallenge/UART_AmountDataBit_Decoder.vhd 2017/01/11.21:14:34 P.20131013
FL C:/Users/noraw/Documents/VHDL/MiniDesignChallenge/UART_ClkPerBit_Decoder.vhd 2017/01/11.21:14:20 P.20131013
FL C:/Users/noraw/Documents/VHDL/MiniDesignChallenge/UART_ParityEnb.vhd 2017/01/11.22:45:53 P.20131013
FL C:/Users/noraw/Documents/VHDL/MiniDesignChallenge/UART_TotalBit_Decoder.vhd 2017/01/11.22:44:27 P.20131013
FL "C:/Users/Oak/Documents/Xilinx ISE Workspace/MiniDesignChallenge/MainModule.vhd" 2017/01/14.14:59:10 P.20131013
EN work/MainModule 1484714359 \
      FL "C:/Users/Oak/Documents/Xilinx ISE Workspace/MiniDesignChallenge/MainModule.vhd" \
      PB ieee/std_logic_1164 1381692176
AR work/MainModule/Behavioral 1484714360 \
      FL "C:/Users/Oak/Documents/Xilinx ISE Workspace/MiniDesignChallenge/MainModule.vhd" \
      EN work/MainModule 1484714359 CP dcm133 CP UART_ClkPerBit_Decoder \
      CP UART_AmountDataBit_Decoder CP UART_ParityEnb_Decoder \
      CP UART_TotalBit_Decoder CP TXModule CP UART_Buffer CP RXModule
FL "C:/Users/Oak/Documents/Xilinx ISE Workspace/MiniDesignChallenge/RXModule.vhd" 2017/01/14.14:31:57 P.20131013
EN work/RXModule 1484714357 \
      FL "C:/Users/Oak/Documents/Xilinx ISE Workspace/MiniDesignChallenge/RXModule.vhd" \
      PB ieee/std_logic_1164 1381692176 PB ieee/STD_LOGIC_UNSIGNED 1381692179
AR work/RXModule/Behavioral 1484714358 \
      FL "C:/Users/Oak/Documents/Xilinx ISE Workspace/MiniDesignChallenge/RXModule.vhd" \
      EN work/RXModule 1484714357
FL "C:/Users/Oak/Documents/Xilinx ISE Workspace/MiniDesignChallenge/TXModule.vhd" 2017/01/18.11:38:59 P.20131013
EN work/TXModule 1484714353 \
      FL "C:/Users/Oak/Documents/Xilinx ISE Workspace/MiniDesignChallenge/TXModule.vhd" \
      PB ieee/std_logic_1164 1381692176 PB ieee/NUMERIC_STD 1381692181 \
      PB ieee/STD_LOGIC_UNSIGNED 1381692179
AR work/TXModule/Behavioral 1484714354 \
      FL "C:/Users/Oak/Documents/Xilinx ISE Workspace/MiniDesignChallenge/TXModule.vhd" \
      EN work/TXModule 1484714353
FL "C:/Users/Oak/Documents/Xilinx ISE Workspace/MiniDesignChallenge/UART_AmountDataBit_Decoder.vhd" 2017/01/11.21:14:34 P.20131013
EN work/UART_AmountDataBit_Decoder 1484714347 \
      FL "C:/Users/Oak/Documents/Xilinx ISE Workspace/MiniDesignChallenge/UART_AmountDataBit_Decoder.vhd" \
      PB ieee/std_logic_1164 1381692176
AR work/UART_AmountDataBit_Decoder/Behavioral 1484714348 \
      FL "C:/Users/Oak/Documents/Xilinx ISE Workspace/MiniDesignChallenge/UART_AmountDataBit_Decoder.vhd" \
      EN work/UART_AmountDataBit_Decoder 1484714347
FL "C:/Users/Oak/Documents/Xilinx ISE Workspace/MiniDesignChallenge/UART_Buffer.vhd" 2017/01/18.11:38:42 P.20131013
EN work/UART_Buffer 1484714355 \
      FL "C:/Users/Oak/Documents/Xilinx ISE Workspace/MiniDesignChallenge/UART_Buffer.vhd" \
      PB ieee/std_logic_1164 1381692176
AR work/UART_Buffer/Behavioral 1484714356 \
      FL "C:/Users/Oak/Documents/Xilinx ISE Workspace/MiniDesignChallenge/UART_Buffer.vhd" \
      EN work/UART_Buffer 1484714355
FL "C:/Users/Oak/Documents/Xilinx ISE Workspace/MiniDesignChallenge/UART_ClkPerBit_Decoder.vhd" 2017/01/13.11:05:38 P.20131013
EN work/UART_ClkPerBit_Decoder 1484714345 \
      FL "C:/Users/Oak/Documents/Xilinx ISE Workspace/MiniDesignChallenge/UART_ClkPerBit_Decoder.vhd" \
      PB ieee/std_logic_1164 1381692176
AR work/UART_ClkPerBit_Decoder/Behavioral 1484714346 \
      FL "C:/Users/Oak/Documents/Xilinx ISE Workspace/MiniDesignChallenge/UART_ClkPerBit_Decoder.vhd" \
      EN work/UART_ClkPerBit_Decoder 1484714345
FL "C:/Users/Oak/Documents/Xilinx ISE Workspace/MiniDesignChallenge/UART_ParityEnb.vhd" 2017/01/11.22:45:53 P.20131013
EN work/UART_ParityEnb_Decoder 1484714349 \
      FL "C:/Users/Oak/Documents/Xilinx ISE Workspace/MiniDesignChallenge/UART_ParityEnb.vhd" \
      PB ieee/std_logic_1164 1381692176
AR work/UART_ParityEnb_Decoder/Behavioral 1484714350 \
      FL "C:/Users/Oak/Documents/Xilinx ISE Workspace/MiniDesignChallenge/UART_ParityEnb.vhd" \
      EN work/UART_ParityEnb_Decoder 1484714349
FL "C:/Users/Oak/Documents/Xilinx ISE Workspace/MiniDesignChallenge/UART_TotalBit_Decoder.vhd" 2017/01/11.22:44:27 P.20131013
EN work/UART_TotalBit_Decoder 1484714351 \
      FL "C:/Users/Oak/Documents/Xilinx ISE Workspace/MiniDesignChallenge/UART_TotalBit_Decoder.vhd" \
      PB ieee/std_logic_1164 1381692176 PB ieee/NUMERIC_STD 1381692181
AR work/UART_TotalBit_Decoder/Behavioral 1484714352 \
      FL "C:/Users/Oak/Documents/Xilinx ISE Workspace/MiniDesignChallenge/UART_TotalBit_Decoder.vhd" \
      EN work/UART_TotalBit_Decoder 1484714351
FL E:/MiniDesignChallenge/MainModule.vhd 2017/01/14.14:59:10 P.20131013
FL E:/MiniDesignChallenge/RXModule.vhd 2017/01/14.14:31:57 P.20131013
FL E:/MiniDesignChallenge/TXModule.vhd 2017/01/14.14:35:21 P.20131013
FL E:/MiniDesignChallenge/UART_AmountDataBit_Decoder.vhd 2017/01/11.21:14:34 P.20131013
FL E:/MiniDesignChallenge/UART_Buffer.vhd 2017/01/14.14:53:21 P.20131013
FL E:/MiniDesignChallenge/UART_ClkPerBit_Decoder.vhd 2017/01/13.11:05:38 P.20131013
FL E:/MiniDesignChallenge/UART_ParityEnb.vhd 2017/01/11.22:45:53 P.20131013
FL E:/MiniDesignChallenge/UART_TotalBit_Decoder.vhd 2017/01/11.22:44:27 P.20131013
