AR writebynahhhhmpu behavioral C:/Users/noraw/Documents/VHDL/Nampu2/writebynahhhhmpu.vhd sub00/vhpl03 1484293643
AR dcm133 behavioral C:/Users/noraw/Documents/VHDL/Nampu2/dcm133.vhd sub00/vhpl01 1484293641
EN dcm133 NULL C:/Users/noraw/Documents/VHDL/Nampu2/dcm133.vhd sub00/vhpl00 1484293640
EN writebynahhhhmpu NULL C:/Users/noraw/Documents/VHDL/Nampu2/writebynahhhhmpu.vhd sub00/vhpl02 1484293642
