AR dcm133 behavioral C:/Users/noraw/Documents/VHDL/tulza/dcm133.vhd sub00/vhpl03 1484299348
EN dcm133 NULL C:/Users/noraw/Documents/VHDL/tulza/dcm133.vhd sub00/vhpl02 1484299347
AR uart_me behavioral C:/Users/noraw/Documents/VHDL/tulza/UART_ME.vhd sub00/vhpl01 1484299350
EN uart_me NULL C:/Users/noraw/Documents/VHDL/tulza/UART_ME.vhd sub00/vhpl00 1484299349
