V3 3
FL C:/Users/noraw/Documents/VHDL/Note/Note.vhd 2016/12/02.14:07:43 P.20131013
EN work/Note 1480662476 FL C:/Users/noraw/Documents/VHDL/Note/Note.vhd \
      PB ieee/std_logic_1164 1381692176 PB ieee/STD_LOGIC_UNSIGNED 1381692179
AR work/Note/Behavioral 1480662477 \
      FL C:/Users/noraw/Documents/VHDL/Note/Note.vhd EN work/Note 1480662476
