V3 3
FL C:/Users/noraw/Documents/VHDL/ClockDivider/CD.vhd 2016/12/02.13:32:03 P.20131013
EN work/CD 1480660327 FL C:/Users/noraw/Documents/VHDL/ClockDivider/CD.vhd \
      PB ieee/std_logic_1164 1381692176 PB ieee/STD_LOGIC_UNSIGNED 1381692179
AR work/CD/Behavioral 1480660328 \
      FL C:/Users/noraw/Documents/VHDL/ClockDivider/CD.vhd EN work/CD 1480660327
