V3 35
FL C:/Users/noraw/Documents/VHDL/UART_to_Note/dcm133.vhd 2017/01/20.15:08:48 P.20131013
EN work/dcm133 1484906592 \
      FL C:/Users/noraw/Documents/VHDL/UART_to_Note/dcm133.vhd \
      PB ieee/std_logic_1164 1381692176 PB ieee/NUMERIC_STD 1381692181 LB UNISIM \
      PH unisim/VCOMPONENTS 1381692182
AR work/dcm133/BEHAVIORAL 1484906593 \
      FL C:/Users/noraw/Documents/VHDL/UART_to_Note/dcm133.vhd EN work/dcm133 1484906592 \
      CP BUFG CP IBUFG CP DCM
FL C:/Users/noraw/Documents/VHDL/UART_to_Note/Main.vhd 2017/01/20.17:02:57 P.20131013
EN work/Main 1484906606 FL C:/Users/noraw/Documents/VHDL/UART_to_Note/Main.vhd \
      PB ieee/std_logic_1164 1381692176
AR work/Main/Behavioral 1484906607 \
      FL C:/Users/noraw/Documents/VHDL/UART_to_Note/Main.vhd EN work/Main 1484906606 \
      CP dcm133 CP UART_ClkPerBit_Decoder CP UART_Buffer CP RXModule \
      CP Sine_ClkPerTick_Decoder_Special CP Sine_Generator CP PWM
FL C:/Users/noraw/Documents/VHDL/UART_to_Note/PWM.vhd 2017/01/16.14:01:27 P.20131013
EN work/PWM 1484906604 FL C:/Users/noraw/Documents/VHDL/UART_to_Note/PWM.vhd \
      PB ieee/std_logic_1164 1381692176 PB ieee/STD_LOGIC_UNSIGNED 1381692179 \
      PB ieee/NUMERIC_STD 1381692181
AR work/PWM/Behavioral 1484906605 \
      FL C:/Users/noraw/Documents/VHDL/UART_to_Note/PWM.vhd EN work/PWM 1484906604
FL C:/Users/noraw/Documents/VHDL/UART_to_Note/RXModule.vhd 2017/01/14.14:31:57 P.20131013
EN work/RXModule 1484906598 \
      FL C:/Users/noraw/Documents/VHDL/UART_to_Note/RXModule.vhd \
      PB ieee/std_logic_1164 1381692176 PB ieee/STD_LOGIC_UNSIGNED 1381692179
AR work/RXModule/Behavioral 1484906599 \
      FL C:/Users/noraw/Documents/VHDL/UART_to_Note/RXModule.vhd EN work/RXModule 1484906598
FL C:/Users/noraw/Documents/VHDL/UART_to_Note/SineGenerator.vhd 2017/01/20.16:59:24 P.20131013
EN work/Sine_Generator 1484906602 \
      FL C:/Users/noraw/Documents/VHDL/UART_to_Note/SineGenerator.vhd \
      PB ieee/std_logic_1164 1381692176 PB ieee/STD_LOGIC_UNSIGNED 1381692179
AR work/Sine_Generator/Behavioral 1484906603 \
      FL C:/Users/noraw/Documents/VHDL/UART_to_Note/SineGenerator.vhd \
      EN work/Sine_Generator 1484906602
FL C:/Users/noraw/Documents/VHDL/UART_to_Note/Sine_ClkPerTickDecoder.vhd 2017/01/20.16:43:12 P.20131013
EN work/Sine_ClkPerTick_Decoder_Special 1484906600 \
      FL C:/Users/noraw/Documents/VHDL/UART_to_Note/Sine_ClkPerTickDecoder.vhd \
      PB ieee/std_logic_1164 1381692176
AR work/Sine_ClkPerTick_Decoder_Special/Behavioral 1484906601 \
      FL C:/Users/noraw/Documents/VHDL/UART_to_Note/Sine_ClkPerTickDecoder.vhd \
      EN work/Sine_ClkPerTick_Decoder_Special 1484906600
FL C:/Users/noraw/Documents/VHDL/UART_to_Note/UART_Buffer.vhd 2017/01/18.11:38:42 P.20131013
EN work/UART_Buffer 1484906596 \
      FL C:/Users/noraw/Documents/VHDL/UART_to_Note/UART_Buffer.vhd \
      PB ieee/std_logic_1164 1381692176
AR work/UART_Buffer/Behavioral 1484906597 \
      FL C:/Users/noraw/Documents/VHDL/UART_to_Note/UART_Buffer.vhd \
      EN work/UART_Buffer 1484906596
FL C:/Users/noraw/Documents/VHDL/UART_to_Note/UART_ClkPerBit_Decoder.vhd 2017/01/13.11:05:38 P.20131013
EN work/UART_ClkPerBit_Decoder 1484906594 \
      FL C:/Users/noraw/Documents/VHDL/UART_to_Note/UART_ClkPerBit_Decoder.vhd \
      PB ieee/std_logic_1164 1381692176
AR work/UART_ClkPerBit_Decoder/Behavioral 1484906595 \
      FL C:/Users/noraw/Documents/VHDL/UART_to_Note/UART_ClkPerBit_Decoder.vhd \
      EN work/UART_ClkPerBit_Decoder 1484906594
