AR writeaeng behavioral C:/Users/noraw/Documents/VHDL/Nampu/nampu.vhd sub00/vhpl01 1483683681
AR dcm133 behavioral C:/Users/noraw/Documents/VHDL/Nampu/dcm133.vhd sub00/vhpl03 1483683679
EN dcm133 NULL C:/Users/noraw/Documents/VHDL/Nampu/dcm133.vhd sub00/vhpl02 1483683678
EN writeaeng NULL C:/Users/noraw/Documents/VHDL/Nampu/nampu.vhd sub00/vhpl00 1483683680
