AR sevensegment behavioral C:/Users/noraw/Documents/VHDL/Multiplier/SevenSegment.vhd sub00/vhpl02 1481092025
AR core behavioral C:/Users/noraw/Documents/VHDL/Multiplier/Core.vhd sub00/vhpl03 1481092027
EN sevensegment NULL C:/Users/noraw/Documents/VHDL/Multiplier/SevenSegment.vhd sub00/vhpl01 1481092024
EN core NULL C:/Users/noraw/Documents/VHDL/Multiplier/Core.vhd sub00/vhpl00 1481092026
