AR dcm133 behavioral C:/Users/noraw/Documents/VHDL/TXModule/dcm133.vhd sub00/vhpl01 1483699853
EN dcm133 NULL C:/Users/noraw/Documents/VHDL/TXModule/dcm133.vhd sub00/vhpl00 1483699852
EN txmodule NULL C:/Users/noraw/Documents/VHDL/TXModule/TX.vhd sub00/vhpl02 1483699854
AR txmodule behavioral C:/Users/noraw/Documents/VHDL/TXModule/TX.vhd sub00/vhpl03 1483699855
